{
  "headers": [
    {
      "source": "/(.*)",
      "headers": [
        {
          "key": "x-frame-options",
          "value": "DENY"
        },
        {
          "key": "x-xss-protection",
          "value": "1; mode=block"
        },
        {
          "key": "x-content-type-options",
          "value": "nosniff"
        },
        {
          "key": "referrer-policy",
          "value": "same-origin"
        },
        {
          "key": "x-test-global",
          "value": "test-value"
        }
      ]
    },
    {
      "source": "/page-data/(.*)",
      "headers": [
        {
          "key": "cache-control",
          "value": "public, max-age=0, must-revalidate"
        },
        {
          "key": "x-test-pagedata",
          "value": "test-value"
        }
      ]
    },
    {
      "source": "/static/(.*)",
      "headers": [
        {
          "key": "cache-control",
          "value": "public, max-age=31536000, immutable"
        },
        {
          "key": "x-test-static",
          "value": "test-value"
        }
      ]
    },
    {
      "source": "/sw.js",
      "headers": [
        {
          "key": "cache-control",
          "value": "public, max-age=0, must-revalidate"
        }
      ]
    },
    {
      "source": "/",
      "headers": [
        {
          "key": "x-robots-tag",
          "value": "noindex"
        },
        {
          "key": "link",
          "value": "<https://www.abc.com>; rel=preconnect, </static/avatar-smile-7b611c795c8ff5848180781f104d718c.png>; rel=prefetch; as=image"
        },
        {
          "key": "cache-control",
          "value": "public, max-age=0, must-revalidate"
        }
      ]
    },
    {
      "source": "/about",
      "headers": [
        {
          "key": "x-robots-tag",
          "value": "all"
        },
        {
          "key": "link",
          "value": "<https://www.abc.com>; rel=preconnect, </static/test-font.woff2>; rel=preload; as=font"
        },
        {
          "key": "cache-control",
          "value": "public, max-age=0, must-revalidate"
        }
      ]
    }
  ]
}