<!DOCTYPE html><html class="test-site"><head>
    <meta charset="utf-8">
    <meta http-equiv="x-ua-compatible" content="ie=edge">
    <meta name="viewport" content="width=device-width, initial-scale=1, shrink-to-fit=no">
    <meta name="generator" content="Gatsby 5.15.0">
    
    <style data-href="/styles.6dbb5422e6cc00c590a9.css" data-identity="gatsby-global-css">
      @import url(https://stackpath.bootstrapcdn.com/bootstrap/4.3.1/css/bootstrap.min.css);
      #avatar {
        background-image: url(/static/avatar-1d897a26b6f8b410c95349547439c7bd.png);
        background-size: cover;
        border: 1px solid #ccc;
        border-radius: 50%;
        display: inline-block;
        height: 48px;
        width: 48px;
      }
      @media (hover: hover) {
        #avatar:hover {
          background-image: url(/static/avatar-smile-7b611c795c8ff5848180781f104d718c.png);
        }
      }
      .about-avatar {
        background: #2f4f4f;
        border-radius: 5px;
      }
      body {
        color: #2f4f4f;
      }
      .foo {
        color: blue;
      }
      .another-unused-rule,
      .unused-rule {
        color: green;
      }
      @keyframes blink {
        0% {
          opacity: 100%;
        }
        to {
          opacity: 0;
        }
      }
    </style>
    <style>
      .gatsby-image-wrapper {
        position: relative;
        overflow: hidden;
      }
      .gatsby-image-wrapper picture.object-fit-polyfill {
        position: static !important;
      }
      .gatsby-image-wrapper img {
        bottom: 0;
        height: 100%;
        left: 0;
        margin: 0;
        max-width: none;
        padding: 0;
        position: absolute;
        right: 0;
        top: 0;
        width: 100%;
        object-fit: cover;
      }
      .gatsby-image-wrapper [data-main-image] {
        opacity: 0;
        transform: translateZ(0);
        transition: opacity 0.25s linear;
        will-change: opacity;
      }
      .gatsby-image-wrapper-constrained {
        display: inline-block;
        vertical-align: top;
      }
    </style>
    <noscript><style>
        .gatsby-image-wrapper noscript [data-main-image] {
          opacity: 1 !important;
        }
        .gatsby-image-wrapper [data-placeholder-image] {
          opacity: 0 !important;
        }
      </style></noscript>
    <script type="module">
      const e = 'undefined' != typeof HTMLImageElement && 'loading' in HTMLImageElement.prototype
      e &&
        document.body.addEventListener(
          'load',
          function (e) {
            const t = e.target
            if (void 0 === t.dataset.mainImage) return
            if (void 0 === t.dataset.gatsbyImageSsr) return
            let a = null,
              n = t
            for (; null === a && n; )
              (void 0 !== n.parentNode.dataset.gatsbyImageWrapper && (a = n.parentNode),
                (n = n.parentNode))
            const o = a.querySelector('[data-placeholder-image]'),
              r = new Image()
            ;((r.src = t.currentSrc),
              r
                .decode()
                .catch(() => {})
                .then(() => {
                  ;((t.style.opacity = 1),
                    o && ((o.style.opacity = 0), (o.style.transition = 'opacity 500ms linear')))
                }))
          },
          !0,
        )
    </script>
    <script>
      const currDate = new Date()
      const unused = 'foo'

      console.log('Global SSR Script', currDate)
    </script>
    <title data-gatsby-head="true">About Us</title>
    
  </head>
  <body>
    <div id="___gatsby">
      <div style="outline: none" tabindex="-1" id="gatsby-focus-wrapper">
        <div class="container">
          <header class="py-3">
            <nav class="navbar navbar-expand navbar-dark bg-dark rounded">
              <a id="avatar" class="navbar-brand" href="/"></a>
              <ul class="navbar-nav">
                <li class="nav-item"><a class="nav-link" href="/">Home</a></li>
                <li class="nav-item"><a class="nav-link" href="/blog/">Blog</a></li>
                <li class="nav-item">
                  <a aria-current="page" class="nav-link active" href="/about/">About</a>
                </li>
              </ul>
            </nav>
          </header>
          <main class="p-5 bg-light">
            <div class="mb-4 pb-2 border-bottom"><h1>About</h1></div>
            <div>
              <div class="row">
                <div class="col-md-3">
                  <div data-gatsby-image-wrapper="" class="gatsby-image-wrapper gatsby-image-wrapper-constrained about-avatar">
                    <div style="max-width: 400px; display: block">
                      <img alt="" role="presentation" aria-hidden="true" src="data:image/svg+xml;charset=utf-8,%3Csvg%20height='400'%20width='400'%20xmlns='http://www.w3.org/2000/svg'%20version='1.1'%3E%3C/svg%3E" style="max-width: 100%; display: block; position: static">
                    </div>
                    <img aria-hidden="true" data-placeholder-image="" style="opacity: 1; transition: opacity 500ms linear" decoding="async" src="data:image/png;base64,iVBORw0KGgoAAAANSUhEUgAAABQAAAAUCAYAAACNiR0NAAAACXBIWXMAAAsTAAALEwEAmpwYAAAEOUlEQVR42nVUaUxUVxRGKzVpCI1gKUIBQeHNxjLMOLKoUyg0rYCa2qFNhGEAFSamlCqpFceQso0syg4uyCACmiG2NNJqG1nFIrLIDi4xNWDFFEra/qK+eV/vHYEO201O3j3vnu873znnvmdmNrcArKXPyMiI/IHBXjx8NMwOj/RjZHRgmfX1dxv0dVfh57ddRTEKheINsyVr7dxzq15f+9f4xFMMDj3gViKjRs4MQ8N9yNCmPSaYt+ewaxbY9PrXGUJDQ6O7e+7h0eMRlgJHxwYXjPr9Az2gRNQnKtmbt27A399HuVTlPPOa9MzUlt+ePaFglqigIPT0dhqt98F90FbMqyTkBtoSjeZEJ8G+aco1X67D9e/0M5MvJ2gwZ0pCgaSnGHs4ZCSjPlHKUf9i+fkpgrVfJI4MxLiJjlZeam1rpADjQPqJwr6+LnR3d6Cj4w7ud/2K4dF+2hKalG1q/gUqVWS1KcfSoUji1XG4cPEcys6VcHkFZ3FCc5JYMk7nnEZe/hmUlBaiuLSQKy0rhio6apZgxEs4FvXR+uOggMFvk5NwOCbSoPr8E+RqElGU9jXOph6H5ngilMoDOHQo1pCgPgi5n2yEjHjDqlPOSow6XKv9Cu26DPaHQg3Uob5orcjEdLMOz38+j/qCkziybxfqi1LQVZPDVqUlIPdo9JHXHPr/7yLmnMuZiaX3rmShsyb3FTv4E2baa/CisRLPbl3CVFs1plqvYOZONdiBH9FSoX01UFeAa9lJZaYfxiKFmvjwg226TDQUnzJQ4GRTJSZvV+D3JkLUXos/W6swSRL8fbcGVdoktqE4BVkJkfGmHMtWWKCf9gulgirh/rlbi5tlqYgJ3wuVYg/qC0/hj+bLmO2qY5PVSvhLJReW9W+FwVgE7NrxVJdxDAlRCoOPTIaQwJ34LCQYMqkMseFhXGX6UewOCvxX6CbcttKETdc6493xEKo9PcVQfRpmaCrPwERDCcYbitFYno4vVQrD9m0y+EilKTRWLpevW41sXqG5hYWFhs/wp9UH9uP57Qqu82oeWiqzyV7HfRMXAbGHx7SlpWUyiXVcrWTji/Vm653t7ezrnZ2cIRKIOKHAHXJ/X+z5KBgfBryPnb4+4POEYFwZg8tmFzg7uYybm5t7r1S2UfZGq41aiVgKLw/xrJPjZk7A8JBzLBb7dwcjJEiO9AQlRHw+nBydObGneFbiJYWtjW22sU1mEvMFdfO/HusN1kWEDCSYZdwEEAsYvGzU0VLxgtiTG6Xgbd0CAV9EyhazYk9vWFlZlZn8vhZKf4scZDnYO7CMK48QenPeXhIwjABxEfsw9n0R2iq1CP1gBwSMkJ6TKrw5nhsPDu85Gqyt38mnt2OhXhsb22s0iBjrusUVtIcMw4dM6IG9do4QuYvgQ97H2DnB3d0TfJKIxtBYiqHJN7276Tol+w+gPaTDAfCJ8wAAAABJRU5ErkJggg==" alt=""><picture><source type="image/webp" data-srcset="/static/e9449497defc746c9ae0e6ae0e8812a8/21f3e/avatar.webp 100w,/static/e9449497defc746c9ae0e6ae0e8812a8/efe93/avatar.webp 200w,/static/e9449497defc746c9ae0e6ae0e8812a8/8b501/avatar.webp 400w" sizes="(min-width: 400px) 400px, 100vw">
                      <img data-gatsby-image-ssr="" data-main-image="" style="opacity: 0" sizes="(min-width: 400px) 400px, 100vw" decoding="async" loading="lazy" data-src="/static/e9449497defc746c9ae0e6ae0e8812a8/37701/avatar.png" data-srcset="/static/e9449497defc746c9ae0e6ae0e8812a8/0ff70/avatar.png 100w,/static/e9449497defc746c9ae0e6ae0e8812a8/976d7/avatar.png 200w,/static/e9449497defc746c9ae0e6ae0e8812a8/37701/avatar.png 400w" alt="Avatar Image"></picture><noscript><picture
                        ><source
                          type="image/webp"
                          srcset="
                            /static/e9449497defc746c9ae0e6ae0e8812a8/21f3e/avatar.webp 100w,
                            /static/e9449497defc746c9ae0e6ae0e8812a8/efe93/avatar.webp 200w,
                            /static/e9449497defc746c9ae0e6ae0e8812a8/8b501/avatar.webp 400w
                          "
                          sizes="(min-width: 400px) 400px, 100vw" />
                        <img
                          data-gatsby-image-ssr=""
                          data-main-image=""
                          style="opacity: 0"
                          sizes="(min-width: 400px) 400px, 100vw"
                          decoding="async"
                          loading="lazy"
                          src="/static/e9449497defc746c9ae0e6ae0e8812a8/37701/avatar.png"
                          srcset="
                            /static/e9449497defc746c9ae0e6ae0e8812a8/0ff70/avatar.png 100w,
                            /static/e9449497defc746c9ae0e6ae0e8812a8/976d7/avatar.png 200w,
                            /static/e9449497defc746c9ae0e6ae0e8812a8/37701/avatar.png 400w
                          "
                          alt="Avatar Image" /></picture
                    ></noscript>
                    <script type="module">
                      const t =
                        'undefined' != typeof HTMLImageElement &&
                        'loading' in HTMLImageElement.prototype
                      if (t) {
                        const t = document.querySelectorAll('img[data-main-image]')
                        for (let e of t) {
                          ;(e.dataset.src &&
                            (e.setAttribute('src', e.dataset.src), e.removeAttribute('data-src')),
                            e.dataset.srcset &&
                              (e.setAttribute('srcset', e.dataset.srcset),
                              e.removeAttribute('data-srcset')))
                          const t = e.parentNode.querySelectorAll('source[data-srcset]')
                          for (let e of t)
                            (e.setAttribute('srcset', e.dataset.srcset),
                              e.removeAttribute('data-srcset'))
                          e.complete &&
                            ((e.style.opacity = 1),
                            (e.parentNode.parentNode.querySelector(
                              '[data-placeholder-image]',
                            ).style.opacity = 0))
                        }
                      }
                    </script>
                  </div>
                </div>
                <div class="col-md-9">
                  <div>
                    <h2>John Doe</h2>
                    <p>
                      Lorem ipsum dolor sit amet, consectetuer adipiscing elit. Aenean commodo
                      ligula eget dolor. Aenean massa. Cum sociis natoque penatibus et magnis dis
                      parturient montes, nascetur ridiculus mus. Donec quam felis, ultricies nec,
                      pellentesque eu, pretium quis, sem. Nulla consequat massa quis enim.
                    </p>
                  </div>
                  <h3 class="mt-4">Skills</h3>
                  <label class="badge-pill badge-primary mr-2">PHP</label><label class="badge-pill badge-primary mr-2">HTML</label><label class="badge-pill badge-primary mr-2">Javascript</label><label class="badge-pill badge-primary mr-2">CSS</label>
                </div>
              </div>
            </div>
          </main>
          <footer class="text-muted my-5">
            ©
            <!-- -->2025<!-- -->,<!-- -->
            Built with <a href="https://www.gatsbyjs.org">Gatsby</a> and
            <a href="https://github.com/mohatt/gatsby-plugin-advanced-pages">Gatsby Advanced Pages</a>
          </footer>
        </div>
      </div>
      <div id="gatsby-announcer" style="
          position: absolute;
          top: 0;
          width: 1px;
          height: 1px;
          padding: 0;
          overflow: hidden;
          clip: rect(0, 0, 0, 0);
          white-space: nowrap;
          border: 0;
        " aria-live="assertive" aria-atomic="true"></div>
    </div>
    <script id="gatsby-script-loader">
      /*<![CDATA[*/ window.pagePath = '/about/' /*]]>*/
    </script>
    <!-- slice-start id="_gatsby-scripts-1" -->
    <script id="gatsby-chunk-mapping">
      window.___chunkMapping =
        '{"app":["/app-1350f58c5eedc68660be.js"],"component---src-pages-404-js":["/component---src-pages-404-js-573c07b3a873f9e300be.js"],"component---src-templates-about-js":["/component---src-templates-about-js-93824b7622487298aa2d.js"],"component---src-templates-blog-js":["/component---src-templates-blog-js-96cdd35ec496ee17543b.js"],"component---src-templates-home-js":["/component---src-templates-home-js-9df2c5697c4d8c03f0dd.js"],"component---src-templates-post-js":["/component---src-templates-post-js-edc846fbd10afae47296.js"]}'
    </script>
    <script>
      window.___webpackCompilationHash = 'bdbc00fbcb8e8ddd141c'
    </script>
    <script src="/webpack-runtime-5b0b0492e349ffc7f396.js" async=""></script>
    <script src="/app-1350f58c5eedc68660be.js" async=""></script>
    <!-- slice-end id="_gatsby-scripts-1" -->
  

</body></html>