[
  {
    "file": "404.html",
    "tag": "update",
    "size": [
      4812,
      6200
    ],
    "meta": {}
  },
  {
    "file": "blog/index.html",
    "tag": "update",
    "size": [
      8836,
      10387
    ],
    "meta": {}
  },
  {
    "file": "404/index.html",
    "tag": "update",
    "size": [
      4808,
      6196
    ],
    "meta": {}
  },
  {
    "file": "blog/blog-post-3/index.html",
    "tag": "update",
    "size": [
      5999,
      7443
    ],
    "meta": {}
  },
  {
    "file": "blog/blog-post-2/index.html",
    "tag": "update",
    "size": [
      5999,
      7443
    ],
    "meta": {}
  },
  {
    "file": "blog/blog-post-1/index.html",
    "tag": "update",
    "size": [
      5999,
      7443
    ],
    "meta": {}
  },
  {
    "file": "blog/tag/tag3/index.html",
    "tag": "update",
    "size": [
      8133,
      9684
    ],
    "meta": {}
  },
  {
    "file": "blog/tag/tag2/index.html",
    "tag": "update",
    "size": [
      8133,
      9684
    ],
    "meta": {}
  },
  {
    "file": "index.html",
    "tag": "update",
    "size": [
      5243,
      6879
    ],
    "meta": {}
  },
  {
    "file": "about/index.html",
    "tag": "update",
    "size": [
      11526,
      13869
    ],
    "meta": {}
  },
  {
    "file": "blog/tag/tag1/index.html",
    "tag": "update",
    "size": [
      8133,
      9684
    ],
    "meta": {}
  },
  {
    "file": "_headers",
    "tag": "create",
    "size": [
      795
    ],
    "meta": {}
  }
]